default/consistent done
default/split done
default/mixed done
default/dropsuffix done
elevated/consistent done
elevated/split done
elevated/mixed done
elevated/dropsuffix done
severe/consistent done
severe/split done
severe/mixed done
severe/dropsuffix done
garbled/consistent done
garbled/split done
garbled/mixed done
garbled/dropsuffix done
metric                          damerau_lev_norm     jaro  jaro_winkler  levenshtein_norm
noise    regime     treatment                                                            
default  consistent abbreviate           0.99958  0.99954       0.99954           0.99958
                    expand               0.99954  0.99953       0.99955           0.99954
                    none                 0.99958  0.99956       0.99956           0.99958
         dropsuffix abbreviate           0.99861  0.99643       0.99645           0.99864
                    expand               0.99217  0.99509       0.99541           0.99223
                    none                 0.99777  0.99635       0.99638           0.99782
         mixed      abbreviate           0.99937  0.99933       0.99933           0.99937
                    expand               0.99933  0.99933       0.99934           0.99933
                    none                 0.99916  0.99920       0.99922           0.99917
         split      abbreviate           0.99934  0.99930       0.99930           0.99934
                    expand               0.99930  0.99930       0.99931           0.99930
                    none                 0.99932  0.99912       0.99913           0.99932
elevated consistent abbreviate           0.99935  0.99924       0.99924           0.99935
                    expand               0.99916  0.99912       0.99917           0.99916
                    none                 0.99938  0.99932       0.99932           0.99938
         dropsuffix abbreviate           0.99824  0.99610       0.99613           0.99827
                    expand               0.99141  0.99449       0.99485           0.99148
                    none                 0.99746  0.99608       0.99611           0.99752
         mixed      abbreviate           0.99935  0.99924       0.99924           0.99935
                    expand               0.99915  0.99909       0.99915           0.99916
                    none                 0.99917  0.99914       0.99917           0.99917
         split      abbreviate           0.99944  0.99932       0.99933           0.99944
                    expand               0.99924  0.99919       0.99924           0.99924
                    none                 0.99941  0.99915       0.99915           0.99941
garbled  consistent abbreviate           0.99506  0.99113       0.99117           0.99516
                    expand               0.99066  0.98641       0.98665           0.99064
                    none                 0.99662  0.99240       0.99242           0.99667
         dropsuffix abbreviate           0.99244  0.98768       0.98770           0.99252
                    expand               0.98423  0.98316       0.98351           0.98424
                    none                 0.99296  0.98842       0.98844           0.99304
         mixed      abbreviate           0.99505  0.99103       0.99109           0.99515
                    expand               0.99078  0.98644       0.98669           0.99076
                    none                 0.99404  0.98946       0.98955           0.99407
         split      abbreviate           0.99521  0.99124       0.99129           0.99531
                    expand               0.99089  0.98665       0.98688           0.99087
                    none                 0.99588  0.99050       0.99049           0.99588
severe   consistent abbreviate           0.99930  0.99896       0.99897           0.99930
                    expand               0.99860  0.99847       0.99864           0.99860
                    none                 0.99941  0.99919       0.99918           0.99941
         dropsuffix abbreviate           0.99751  0.99563       0.99567           0.99755
                    expand               0.99065  0.99337       0.99378           0.99073
                    none                 0.99692  0.99557       0.99562           0.99698
         mixed      abbreviate           0.99927  0.99894       0.99895           0.99928
                    expand               0.99856  0.99846       0.99862           0.99856
                    none                 0.99887  0.99866       0.99872           0.99887
         split      abbreviate           0.99917  0.99884       0.99885           0.99918
                    expand               0.99851  0.99837       0.99853           0.99851
                    none                 0.99917  0.99872       0.99870           0.99917
