warning: The `UV_NATIVE_TLS` environment variable is deprecated and will be removed in a future release. Use `UV_SYSTEM_CERTS` instead.
0 cells done, 140 to run
== warm-up: 7 calls
[1/7] ste_80pct/pr_description/0 $0.048 out=1233 think=371 wall=17s  (total $0.05, 17s)
[2/7] ste_named/pr_description/0 $0.042 out=1267 think=337 wall=17s  (total $0.09, 17s)
[3/7] none/pr_description/0 $0.059 out=1437 think=523 wall=19s  (total $0.15, 19s)
[4/7] pr_hook_named/pr_description/0 $0.052 out=1378 think=486 wall=19s  (total $0.20, 19s)
[5/7] pr_hook_text/pr_description/0 $0.056 out=1555 think=708 wall=20s  (total $0.26, 20s)
[6/7] pr_agent_line/pr_description/0 $0.058 out=1679 think=646 wall=22s  (total $0.32, 22s)
[7/7] diagram/pr_description/0 $0.059 out=1740 think=486 wall=22s  (total $0.37, 39s)
== main: 133 calls
[1/133] none/jira_ticket/1 $0.038 out=1204 think=293 wall=14s  (total $0.41, 53s)
[2/133] none/pr_description/3 $0.039 out=1082 think=250 wall=15s  (total $0.45, 54s)
[3/133] none/jira_ticket/0 $0.034 out=1021 think=129 wall=15s  (total $0.49, 54s)
[4/133] none/pr_description/1 $0.044 out=1345 think=266 wall=16s  (total $0.53, 56s)
[5/133] none/pr_description/2 $0.042 out=1236 think=211 wall=18s  (total $0.57, 58s)
[6/133] none/pr_description/4 $0.048 out=1539 think=384 wall=19s  (total $0.62, 59s)
[7/133] none/jira_ticket/2 $0.037 out=1131 think=245 wall=14s  (total $0.66, 67s)
[8/133] none/jira_ticket/4 $0.037 out=1165 think=273 wall=14s  (total $0.69, 68s)
[9/133] none/jira_ticket/3 $0.039 out=1243 think=274 wall=16s  (total $0.73, 70s)
[10/133] none/chat_reply/0 $0.044 out=1541 think=403 wall=19s  (total $0.78, 74s)
[11/133] none/chat_reply/2 $0.040 out=1327 think=233 wall=17s  (total $0.82, 75s)
[12/133] none/chat_reply/1 $0.049 out=1780 think=555 wall=21s  (total $0.87, 78s)
[13/133] none/chat_reply/3 $0.045 out=1557 think=490 wall=18s  (total $0.91, 85s)
[14/133] none/doc_review/0 $0.048 out=1557 think=629 wall=17s  (total $0.96, 87s)
[15/133] none/chat_reply/4 $0.042 out=1449 think=386 wall=19s  (total $1.00, 88s)
[16/133] none/doc_review/2 $0.045 out=1454 think=626 wall=16s  (total $1.05, 91s)
[17/133] none/doc_review/1 $0.052 out=1797 think=865 wall=20s  (total $1.10, 94s)
[18/133] none/doc_review/3 $0.047 out=1528 think=589 wall=18s  (total $1.14, 96s)
[19/133] none/doc_review/4 $0.048 out=1567 think=496 wall=17s  (total $1.19, 102s)
[20/133] pr_agent_line/pr_description/1 $0.044 out=1369 think=412 wall=17s  (total $1.24, 104s)
[21/133] pr_agent_line/pr_description/2 $0.046 out=1440 think=322 wall=17s  (total $1.28, 105s)
[22/133] pr_agent_line/jira_ticket/0 $0.034 out=977 think=208 wall=12s  (total $1.32, 108s)
[23/133] pr_agent_line/pr_description/3 $0.046 out=1467 think=477 wall=18s  (total $1.36, 109s)
[24/133] pr_agent_line/pr_description/4 $0.045 out=1403 think=406 wall=18s  (total $1.41, 112s)
[25/133] pr_agent_line/jira_ticket/1 $0.033 out=967 think=218 wall=13s  (total $1.44, 114s)
[26/133] pr_agent_line/jira_ticket/3 $0.035 out=1064 think=135 wall=12s  (total $1.48, 117s)
[27/133] pr_agent_line/jira_ticket/2 $0.037 out=1157 think=292 wall=15s  (total $1.51, 119s)
[28/133] pr_agent_line/jira_ticket/4 $0.035 out=1026 think=231 wall=13s  (total $1.55, 121s)
[29/133] pr_agent_line/chat_reply/0 $0.039 out=1261 think=254 wall=16s  (total $1.59, 125s)
[30/133] pr_agent_line/chat_reply/2 $0.043 out=1478 think=332 wall=17s  (total $1.63, 131s)
[31/133] pr_agent_line/chat_reply/1 $0.047 out=1685 think=545 wall=21s  (total $1.68, 133s)
[32/133] pr_agent_line/chat_reply/3 $0.042 out=1445 think=531 wall=17s  (total $1.72, 134s)
[33/133] pr_agent_line/chat_reply/4 $0.046 out=1629 think=494 wall=20s  (total $1.76, 138s)
[34/133] pr_agent_line/doc_review/0 $0.050 out=1663 think=708 wall=19s  (total $1.81, 140s)
[35/133] pr_agent_line/doc_review/1 $0.044 out=1383 think=420 wall=15s  (total $1.86, 140s)
[36/133] pr_agent_line/doc_review/4 $0.042 out=1297 think=583 wall=14s  (total $1.90, 148s)
[37/133] pr_agent_line/doc_review/2 $0.050 out=1676 think=710 wall=18s  (total $1.95, 149s)
[38/133] pr_agent_line/doc_review/3 $0.046 out=1466 think=598 wall=17s  (total $2.00, 149s)
[39/133] pr_hook_text/pr_description/1 $0.041 out=1194 think=369 wall=15s  (total $2.04, 153s)
[40/133] pr_hook_text/pr_description/2 $0.039 out=1126 think=369 wall=15s  (total $2.08, 155s)
[41/133] pr_hook_text/pr_description/3 $0.045 out=1398 think=611 wall=16s  (total $2.12, 157s)
[42/133] pr_hook_text/jira_ticket/0 $0.034 out=986 think=223 wall=12s  (total $2.15, 162s)
[43/133] pr_hook_text/jira_ticket/1 $0.037 out=1137 think=299 wall=14s  (total $2.19, 164s)
[44/133] pr_hook_text/jira_ticket/2 $0.034 out=990 think=200 wall=14s  (total $2.23, 167s)
[45/133] pr_hook_text/jira_ticket/3 $0.033 out=927 think=176 wall=14s  (total $2.26, 169s)
[46/133] pr_hook_text/jira_ticket/4 $0.037 out=1130 think=249 wall=15s  (total $2.29, 171s)
[47/133] pr_hook_text/pr_description/4 $0.065 out=2382 think=1531 wall=26s  (total $2.36, 175s)
[48/133] pr_hook_text/chat_reply/0 $0.050 out=1837 think=519 wall=21s  (total $2.41, 183s)
[49/133] pr_hook_text/chat_reply/2 $0.042 out=1420 think=327 wall=17s  (total $2.45, 183s)
[50/133] pr_hook_text/chat_reply/1 $0.047 out=1698 think=541 wall=20s  (total $2.50, 184s)
[51/133] pr_hook_text/chat_reply/3 $0.045 out=1605 think=524 wall=19s  (total $2.54, 188s)
[52/133] pr_hook_text/chat_reply/4 $0.047 out=1695 think=577 wall=21s  (total $2.59, 192s)
[53/133] pr_hook_text/doc_review/0 $0.051 out=1703 think=761 wall=22s  (total $2.64, 197s)
[54/133] pr_hook_text/doc_review/1 $0.051 out=1741 think=598 wall=20s  (total $2.69, 203s)
[55/133] pr_hook_text/doc_review/2 $0.053 out=1851 think=755 wall=21s  (total $2.75, 205s)
[56/133] pr_hook_named/pr_description/1 $0.038 out=1047 think=318 wall=14s  (total $2.78, 206s)
[57/133] pr_hook_text/doc_review/4 $0.053 out=1807 think=767 wall=19s  (total $2.84, 207s)
[58/133] pr_hook_text/doc_review/3 $0.061 out=2229 think=1029 wall=24s  (total $2.90, 208s)
[59/133] pr_hook_named/pr_description/2 $0.038 out=1075 think=398 wall=14s  (total $2.94, 210s)
[60/133] pr_hook_named/pr_description/3 $0.040 out=1154 think=244 wall=14s  (total $2.98, 217s)
[61/133] pr_hook_named/pr_description/4 $0.039 out=1075 think=224 wall=15s  (total $3.02, 220s)
[62/133] pr_hook_named/jira_ticket/1 $0.036 out=1099 think=277 wall=13s  (total $3.05, 221s)
[63/133] pr_hook_named/jira_ticket/0 $0.039 out=1253 think=377 wall=16s  (total $3.09, 222s)
[64/133] pr_hook_named/jira_ticket/2 $0.036 out=1121 think=340 wall=15s  (total $3.13, 223s)
[65/133] pr_hook_named/jira_ticket/3 $0.035 out=1048 think=253 wall=13s  (total $3.16, 223s)
[66/133] pr_hook_named/jira_ticket/4 $0.034 out=971 think=183 wall=12s  (total $3.20, 229s)
[67/133] pr_hook_named/chat_reply/0 $0.048 out=1738 think=658 wall=20s  (total $3.24, 240s)
[68/133] pr_hook_named/chat_reply/4 $0.046 out=1641 think=477 wall=19s  (total $3.29, 243s)
[69/133] pr_hook_named/chat_reply/3 $0.048 out=1709 think=563 wall=20s  (total $3.34, 243s)
[70/133] pr_hook_named/chat_reply/1 $0.050 out=1849 think=437 wall=23s  (total $3.39, 244s)
[71/133] pr_hook_named/chat_reply/2 $0.052 out=1924 think=657 wall=23s  (total $3.44, 245s)
[72/133] pr_hook_named/doc_review/0 $0.058 out=2088 think=958 wall=23s  (total $3.50, 252s)
[73/133] ste_named/pr_description/1 $0.042 out=1234 think=302 wall=15s  (total $3.54, 260s)
[74/133] pr_hook_named/doc_review/1 $0.052 out=1776 think=799 wall=20s  (total $3.59, 260s)
[75/133] pr_hook_named/doc_review/3 $0.051 out=1729 think=855 wall=19s  (total $3.64, 263s)
[76/133] pr_hook_named/doc_review/4 $0.055 out=1911 think=901 wall=20s  (total $3.70, 264s)
[77/133] pr_hook_named/doc_review/2 $0.060 out=2198 think=1157 wall=24s  (total $3.76, 267s)
[78/133] ste_named/pr_description/2 $0.044 out=1366 think=419 wall=16s  (total $3.80, 268s)
[79/133] ste_named/jira_ticket/1 $0.034 out=1012 think=208 wall=12s  (total $3.84, 276s)
[80/133] ste_named/pr_description/4 $0.045 out=1411 think=272 wall=17s  (total $3.88, 277s)
[81/133] ste_named/pr_description/3 $0.041 out=1212 think=347 wall=17s  (total $3.92, 277s)
[82/133] ste_named/jira_ticket/0 $0.034 out=1018 think=188 wall=14s  (total $3.96, 277s)
[83/133] ste_named/jira_ticket/2 $0.037 out=1145 think=312 wall=14s  (total $3.99, 281s)
[84/133] ste_named/jira_ticket/3 $0.033 out=943 think=132 wall=13s  (total $4.03, 281s)
[85/133] ste_named/jira_ticket/4 $0.034 out=996 think=175 wall=12s  (total $4.06, 288s)
[86/133] ste_named/chat_reply/2 $0.041 out=1373 think=413 wall=16s  (total $4.10, 293s)
[87/133] ste_named/chat_reply/0 $0.046 out=1621 think=599 wall=20s  (total $4.15, 297s)
[88/133] ste_named/chat_reply/3 $0.044 out=1524 think=368 wall=19s  (total $4.19, 299s)
[89/133] ste_named/chat_reply/1 $0.050 out=1835 think=611 wall=23s  (total $4.24, 300s)
[90/133] ste_named/chat_reply/4 $0.051 out=1898 think=586 wall=22s  (total $4.29, 303s)
[91/133] ste_named/doc_review/0 $0.047 out=1504 think=537 wall=18s  (total $4.34, 306s)
[92/133] ste_named/doc_review/1 $0.051 out=1745 think=718 wall=18s  (total $4.39, 311s)
[93/133] ste_named/doc_review/2 $0.048 out=1592 think=554 wall=17s  (total $4.44, 314s)
[94/133] ste_named/doc_review/3 $0.048 out=1577 think=646 wall=16s  (total $4.49, 316s)
[95/133] ste_80pct/pr_description/1 $0.043 out=1315 think=252 wall=17s  (total $4.53, 319s)
[96/133] ste_named/doc_review/4 $0.052 out=1756 think=747 wall=20s  (total $4.58, 320s)
[97/133] ste_80pct/pr_description/2 $0.044 out=1354 think=288 wall=16s  (total $4.63, 322s)
[98/133] ste_80pct/pr_description/3 $0.040 out=1147 think=285 wall=14s  (total $4.67, 326s)
[99/133] ste_80pct/pr_description/4 $0.039 out=1112 think=331 wall=14s  (total $4.70, 328s)
[100/133] ste_80pct/jira_ticket/0 $0.037 out=1126 think=245 wall=14s  (total $4.74, 330s)
[101/133] ste_80pct/jira_ticket/1 $0.037 out=1161 think=280 wall=15s  (total $4.78, 334s)
[102/133] ste_80pct/jira_ticket/3 $0.033 out=967 think=169 wall=12s  (total $4.81, 335s)
[103/133] ste_80pct/jira_ticket/2 $0.036 out=1109 think=123 wall=15s  (total $4.85, 335s)
[104/133] ste_80pct/jira_ticket/4 $0.036 out=1076 think=209 wall=14s  (total $4.88, 340s)
111 cells done, 29 to run
== warm-up: 2 calls
[1/2] ste_80pct/chat_reply/0 $0.039 out=1292 think=416 wall=18s  (total $0.04, 18s)
[2/2] diagram/pr_description/1 $0.047 out=1490 think=311 wall=19s  (total $0.09, 19s)
== main: 27 calls
[1/27] ste_80pct/doc_review/0 $0.047 out=1522 think=462 wall=18s  (total $0.13, 36s)
[2/27] ste_80pct/doc_review/1 $0.050 out=1670 think=706 wall=19s  (total $0.18, 38s)
[3/27] ste_80pct/chat_reply/1 $0.046 out=1639 think=492 wall=21s  (total $0.23, 40s)
[4/27] ste_80pct/chat_reply/2 $0.049 out=1775 think=486 wall=21s  (total $0.28, 40s)
[5/27] ste_80pct/chat_reply/3 $0.050 out=1816 think=551 wall=21s  (total $0.33, 40s)
[6/27] ste_80pct/chat_reply/4 $0.049 out=1792 think=534 wall=23s  (total $0.38, 42s)
[7/27] ste_80pct/doc_review/2 $0.042 out=1285 think=387 wall=15s  (total $0.42, 51s)
[8/27] ste_80pct/doc_review/4 $0.046 out=1459 think=428 wall=16s  (total $0.46, 56s)
[9/27] diagram/pr_description/2 $0.043 out=1284 think=226 wall=16s  (total $0.51, 56s)
[10/27] diagram/pr_description/3 $0.044 out=1370 think=257 wall=17s  (total $0.55, 57s)
[11/27] ste_80pct/doc_review/3 $0.051 out=1731 think=596 wall=19s  (total $0.60, 57s)
[12/27] diagram/pr_description/4 $0.045 out=1383 think=278 wall=16s  (total $0.65, 58s)
[13/27] diagram/jira_ticket/0 $0.037 out=1159 think=193 wall=15s  (total $0.68, 66s)
[14/27] diagram/jira_ticket/4 $0.033 out=970 think=158 wall=12s  (total $0.72, 69s)
[15/27] diagram/jira_ticket/1 $0.036 out=1099 think=153 wall=14s  (total $0.75, 69s)
[16/27] diagram/jira_ticket/2 $0.036 out=1110 think=231 wall=13s  (total $0.79, 69s)
[17/27] diagram/jira_ticket/3 $0.037 out=1163 think=216 wall=15s  (total $0.83, 72s)
[18/27] diagram/chat_reply/0 $0.045 out=1590 think=553 wall=21s  (total $0.87, 80s)
[19/27] diagram/chat_reply/1 $0.044 out=1542 think=356 wall=19s  (total $0.92, 85s)
[20/27] diagram/chat_reply/2 $0.043 out=1477 think=320 wall=19s  (total $0.96, 88s)
[21/27] diagram/doc_review/0 $0.047 out=1541 think=458 wall=17s  (total $1.01, 88s)
[22/27] diagram/chat_reply/3 $0.046 out=1643 think=380 wall=20s  (total $1.05, 89s)
[23/27] diagram/chat_reply/4 $0.047 out=1653 think=400 wall=20s  (total $1.10, 90s)
[24/27] diagram/doc_review/1 $0.049 out=1626 think=681 wall=18s  (total $1.15, 98s)
[25/27] diagram/doc_review/2 $0.045 out=1448 think=430 wall=16s  (total $1.19, 101s)
[26/27] diagram/doc_review/3 $0.045 out=1452 think=394 wall=17s  (total $1.24, 105s)
[27/27] diagram/doc_review/4 $0.048 out=1571 think=552 wall=17s  (total $1.29, 105s)
done: $1.29 in 105s
