0 cells done, 100 to run
== warm-up: 5 calls
[1/5] none/pr_description/0 $0.026 out=1111 think=468 wall=13s  (total $0.03, 13s)
[2/5] pr_agent_line/pr_description/0 $0.028 out=1241 think=573 wall=13s  (total $0.05, 13s)
[3/5] pr_hook_named/pr_description/0 $0.031 out=1481 think=689 wall=15s  (total $0.09, 15s)
[4/5] ste_named/pr_description/0 $0.030 out=1470 think=818 wall=15s  (total $0.12, 15s)
[5/5] pr_hook_text/pr_description/0 $0.031 out=1538 think=853 wall=16s  (total $0.15, 16s)
== main: 95 calls
[1/95] none/jira_ticket/0 $0.016 out=825 think=0 wall=9s  (total $0.16, 25s)
[2/95] none/jira_ticket/1 $0.016 out=823 think=0 wall=11s  (total $0.18, 27s)
[3/95] none/pr_description/2 $0.020 out=1155 think=495 wall=13s  (total $0.20, 29s)
[4/95] none/pr_description/4 $0.019 out=1051 think=420 wall=13s  (total $0.22, 29s)
[5/95] none/pr_description/1 $0.019 out=1033 think=403 wall=13s  (total $0.24, 29s)
[6/95] none/pr_description/3 $0.020 out=1142 think=393 wall=14s  (total $0.26, 30s)
[7/95] none/jira_ticket/2 $0.016 out=830 think=0 wall=10s  (total $0.27, 35s)
[8/95] none/jira_ticket/3 $0.016 out=837 think=0 wall=9s  (total $0.29, 35s)
[9/95] none/jira_ticket/4 $0.016 out=830 think=0 wall=9s  (total $0.30, 38s)
[10/95] none/chat_reply/0 $0.017 out=986 think=0 wall=11s  (total $0.32, 40s)
[11/95] none/chat_reply/1 $0.016 out=933 think=0 wall=11s  (total $0.34, 40s)
[12/95] none/chat_reply/2 $0.016 out=943 think=0 wall=11s  (total $0.35, 41s)
[13/95] none/chat_reply/3 $0.017 out=958 think=0 wall=11s  (total $0.37, 46s)
[14/95] none/chat_reply/4 $0.017 out=987 think=0 wall=11s  (total $0.39, 46s)
[15/95] none/doc_review/0 $0.017 out=851 think=0 wall=9s  (total $0.40, 47s)
[16/95] none/doc_review/1 $0.017 out=868 think=0 wall=9s  (total $0.42, 49s)
[17/95] none/doc_review/2 $0.017 out=881 think=0 wall=9s  (total $0.44, 50s)
[18/95] none/doc_review/3 $0.018 out=959 think=0 wall=10s  (total $0.46, 52s)
[19/95] none/doc_review/4 $0.018 out=922 think=0 wall=10s  (total $0.47, 56s)
[20/95] pr_agent_line/pr_description/1 $0.022 out=1282 think=594 wall=13s  (total $0.50, 59s)
[21/95] pr_agent_line/jira_ticket/0 $0.015 out=748 think=0 wall=8s  (total $0.51, 60s)
[22/95] pr_agent_line/pr_description/2 $0.021 out=1257 think=592 wall=13s  (total $0.53, 61s)
[23/95] pr_agent_line/pr_description/4 $0.020 out=1154 think=539 wall=12s  (total $0.55, 61s)
[24/95] pr_agent_line/pr_description/3 $0.021 out=1263 think=563 wall=13s  (total $0.57, 62s)
[25/95] pr_agent_line/jira_ticket/1 $0.016 out=829 think=0 wall=9s  (total $0.59, 65s)
[26/95] pr_agent_line/jira_ticket/2 $0.014 out=710 think=0 wall=8s  (total $0.60, 68s)
[27/95] pr_agent_line/jira_ticket/3 $0.015 out=743 think=0 wall=8s  (total $0.62, 68s)
[28/95] pr_agent_line/jira_ticket/4 $0.015 out=776 think=0 wall=9s  (total $0.63, 70s)
[29/95] pr_agent_line/chat_reply/0 $0.021 out=1419 think=664 wall=15s  (total $0.65, 76s)
[30/95] pr_agent_line/chat_reply/1 $0.024 out=1747 think=873 wall=18s  (total $0.68, 79s)
[31/95] pr_agent_line/chat_reply/2 $0.022 out=1507 think=776 wall=15s  (total $0.70, 80s)
[32/95] pr_agent_line/chat_reply/3 $0.023 out=1649 think=956 wall=16s  (total $0.72, 83s)
[33/95] pr_agent_line/chat_reply/4 $0.025 out=1805 think=1004 wall=18s  (total $0.75, 86s)
[34/95] pr_agent_line/doc_review/0 $0.027 out=1865 think=1105 wall=16s  (total $0.78, 86s)
[35/95] pr_agent_line/doc_review/1 $0.031 out=2230 think=1537 wall=20s  (total $0.81, 96s)
[36/95] pr_agent_line/doc_review/2 $0.029 out=1987 think=1267 wall=17s  (total $0.84, 97s)
[37/95] pr_hook_text/pr_description/1 $0.022 out=1354 think=709 wall=13s  (total $0.86, 99s)
[38/95] pr_agent_line/doc_review/4 $0.028 out=1915 think=1168 wall=17s  (total $0.89, 100s)
[39/95] pr_agent_line/doc_review/3 $0.032 out=2379 think=1499 wall=20s  (total $0.92, 101s)
[40/95] pr_hook_text/pr_description/2 $0.024 out=1495 think=781 wall=15s  (total $0.94, 101s)
[41/95] pr_hook_text/jira_ticket/3 $0.015 out=721 think=0 wall=8s  (total $0.96, 109s)
[42/95] pr_hook_text/pr_description/3 $0.023 out=1412 think=797 wall=15s  (total $0.98, 111s)
[43/95] pr_hook_text/jira_ticket/0 $0.023 out=1618 think=800 wall=14s  (total $1.00, 113s)
[44/95] pr_hook_text/jira_ticket/2 $0.023 out=1609 think=826 wall=14s  (total $1.03, 115s)
[45/95] pr_hook_text/pr_description/4 $0.027 out=1795 think=1019 wall=18s  (total $1.05, 115s)
[46/95] pr_hook_text/jira_ticket/1 $0.023 out=1576 think=702 wall=15s  (total $1.08, 115s)
[47/95] pr_hook_text/jira_ticket/4 $0.014 out=648 think=0 wall=7s  (total $1.09, 116s)
[48/95] pr_hook_text/chat_reply/0 $0.023 out=1590 think=798 wall=16s  (total $1.11, 127s)
[49/95] pr_hook_text/chat_reply/1 $0.022 out=1533 think=793 wall=16s  (total $1.14, 129s)
[50/95] pr_hook_text/chat_reply/2 $0.023 out=1635 think=767 wall=16s  (total $1.16, 131s)
[51/95] pr_hook_text/chat_reply/3 $0.024 out=1706 think=907 wall=18s  (total $1.18, 132s)
[52/95] pr_hook_text/chat_reply/4 $0.024 out=1703 think=829 wall=18s  (total $1.21, 133s)
[53/95] pr_hook_text/doc_review/0 $0.033 out=2441 think=1607 wall=22s  (total $1.24, 138s)
[54/95] pr_hook_text/doc_review/1 $0.032 out=2307 think=1383 wall=20s  (total $1.27, 147s)
[55/95] pr_hook_named/pr_description/1 $0.024 out=1512 think=820 wall=15s  (total $1.30, 147s)
[56/95] pr_hook_text/doc_review/3 $0.028 out=1986 think=1196 wall=18s  (total $1.32, 149s)
[57/95] pr_hook_text/doc_review/2 $0.034 out=2575 think=1853 wall=22s  (total $1.36, 151s)
[58/95] pr_hook_named/pr_description/2 $0.024 out=1568 think=932 wall=15s  (total $1.38, 154s)
[59/95] pr_hook_text/doc_review/4 $0.033 out=2487 think=1695 wall=22s  (total $1.42, 154s)
[60/95] pr_hook_named/jira_ticket/0 $0.023 out=1613 think=789 wall=15s  (total $1.44, 164s)
[61/95] pr_hook_named/pr_description/3 $0.032 out=2367 think=1642 wall=18s  (total $1.47, 165s)
[62/95] pr_hook_named/jira_ticket/1 $0.024 out=1632 think=870 wall=15s  (total $1.50, 166s)
[63/95] pr_hook_named/jira_ticket/2 $0.022 out=1501 think=607 wall=15s  (total $1.52, 169s)
[64/95] pr_hook_named/jira_ticket/3 $0.023 out=1546 think=585 wall=15s  (total $1.54, 169s)
[65/95] pr_hook_named/pr_description/4 $0.034 out=2539 think=1764 wall=22s  (total $1.58, 169s)
[66/95] pr_hook_named/jira_ticket/4 $0.023 out=1607 think=762 wall=12s  (total $1.60, 176s)
[67/95] pr_hook_named/chat_reply/0 $0.023 out=1608 think=879 wall=16s  (total $1.62, 182s)
[68/95] pr_hook_named/chat_reply/1 $0.024 out=1715 think=837 wall=18s  (total $1.65, 183s)
[69/95] pr_hook_named/chat_reply/3 $0.021 out=1419 think=718 wall=15s  (total $1.67, 183s)
[70/95] pr_hook_named/chat_reply/2 $0.026 out=1853 think=935 wall=18s  (total $1.69, 187s)
[71/95] pr_hook_named/chat_reply/4 $0.025 out=1774 think=997 wall=19s  (total $1.72, 188s)
[72/95] pr_hook_named/doc_review/0 $0.032 out=2336 think=1453 wall=20s  (total $1.75, 196s)
[73/95] ste_named/pr_description/1 $0.021 out=1184 think=541 wall=12s  (total $1.77, 200s)
[74/95] pr_hook_named/doc_review/3 $0.029 out=2026 think=1228 wall=18s  (total $1.80, 201s)
[75/95] pr_hook_named/doc_review/2 $0.035 out=2663 think=1708 wall=22s  (total $1.83, 205s)
[76/95] pr_hook_named/doc_review/4 $0.030 out=2180 think=1389 wall=19s  (total $1.86, 206s)
[77/95] pr_hook_named/doc_review/1 $0.037 out=2788 think=1943 wall=25s  (total $1.90, 207s)
[78/95] ste_named/pr_description/2 $0.021 out=1255 think=595 wall=13s  (total $1.92, 209s)
[79/95] ste_named/pr_description/3 $0.021 out=1202 think=473 wall=13s  (total $1.94, 214s)
[80/95] ste_named/jira_ticket/1 $0.016 out=832 think=0 wall=9s  (total $1.96, 215s)
[81/95] ste_named/pr_description/4 $0.022 out=1317 think=604 wall=14s  (total $1.98, 215s)
[82/95] ste_named/jira_ticket/0 $0.021 out=1340 think=660 wall=13s  (total $2.00, 218s)
[83/95] ste_named/jira_ticket/2 $0.026 out=1902 think=1118 wall=17s  (total $2.03, 223s)
[84/95] ste_named/jira_ticket/3 $0.024 out=1643 think=810 wall=15s  (total $2.05, 224s)
[85/95] ste_named/jira_ticket/4 $0.023 out=1561 think=774 wall=14s  (total $2.07, 228s)
[86/95] ste_named/chat_reply/0 $0.020 out=1335 think=603 wall=14s  (total $2.09, 229s)
[87/95] ste_named/chat_reply/1 $0.020 out=1336 think=641 wall=14s  (total $2.11, 230s)
[88/95] ste_named/chat_reply/2 $0.021 out=1388 think=621 wall=14s  (total $2.14, 232s)
[89/95] ste_named/chat_reply/4 $0.020 out=1262 think=664 wall=13s  (total $2.15, 237s)
[90/95] ste_named/chat_reply/3 $0.020 out=1330 think=627 wall=14s  (total $2.18, 237s)
[91/95] ste_named/doc_review/1 $0.026 out=1756 think=1082 wall=16s  (total $2.20, 245s)
[92/95] ste_named/doc_review/2 $0.026 out=1792 think=1050 wall=15s  (total $2.23, 245s)
[93/95] ste_named/doc_review/0 $0.030 out=2148 think=1463 wall=19s  (total $2.26, 247s)
[94/95] ste_named/doc_review/3 $0.025 out=1680 think=868 wall=16s  (total $2.28, 248s)
[95/95] ste_named/doc_review/4 $0.030 out=2152 think=1269 wall=19s  (total $2.31, 256s)
done: $2.31 in 256s
