0 judged, 140 to judge
[1/140] pr_hook_named/pr_description/0 clarity=5 acc=5 compl=5 recall=1.00 ($0.05, 8s)
[2/140] ste_80pct/pr_description/0 clarity=4 acc=5 compl=5 recall=1.00 ($0.10, 9s)
[3/140] pr_hook_text/pr_description/0 clarity=5 acc=4 compl=5 recall=1.00 ($0.14, 9s)
[4/140] pr_agent_line/pr_description/0 clarity=5 acc=5 compl=5 recall=1.00 ($0.18, 9s)
[5/140] ste_named/pr_description/0 clarity=5 acc=5 compl=5 recall=1.00 ($0.24, 10s)
[6/140] none/pr_description/0 clarity=5 acc=4 compl=5 recall=1.00 ($0.28, 10s)
[7/140] none/pr_description/1 clarity=5 acc=5 compl=4 recall=0.83 ($0.33, 18s)
[8/140] none/pr_description/3 clarity=5 acc=4 compl=4 recall=0.83 ($0.37, 19s)
[9/140] diagram/pr_description/0 clarity=4 acc=4 compl=4 recall=0.83 ($0.43, 19s)
[10/140] none/pr_description/2 clarity=5 acc=4 compl=5 recall=0.83 ($0.47, 19s)
[11/140] none/jira_ticket/1 clarity=5 acc=4 compl=5 recall=1.00 ($0.52, 20s)
[12/140] none/jira_ticket/0 clarity=5 acc=4 compl=5 recall=1.00 ($0.57, 20s)
[13/140] none/pr_description/4 clarity=5 acc=5 compl=5 recall=1.00 ($0.61, 27s)
[14/140] none/chat_reply/2 clarity=5 acc=5 compl=5 recall=1.00 ($0.65, 28s)
[15/140] none/jira_ticket/4 clarity=4 acc=3 compl=5 recall=1.00 ($0.70, 28s)
[16/140] none/chat_reply/0 clarity=5 acc=5 compl=5 recall=1.00 ($0.74, 30s)
[17/140] none/jira_ticket/2 clarity=5 acc=3 compl=5 recall=1.00 ($0.79, 31s)
[18/140] none/jira_ticket/3 clarity=4 acc=3 compl=5 recall=1.00 ($0.84, 31s)
[19/140] none/doc_review/0 clarity=5 acc=5 compl=5 recall=1.00 ($0.88, 36s)
[20/140] none/chat_reply/1 clarity=5 acc=5 compl=5 recall=1.00 ($0.92, 36s)
[21/140] none/chat_reply/3 clarity=5 acc=4 compl=5 recall=1.00 ($0.96, 37s)
[22/140] none/doc_review/1 clarity=5 acc=5 compl=5 recall=1.00 ($1.00, 38s)
[23/140] none/doc_review/2 clarity=4 acc=5 compl=5 recall=1.00 ($1.04, 38s)
[24/140] none/chat_reply/4 clarity=5 acc=5 compl=5 recall=1.00 ($1.08, 40s)
[25/140] none/doc_review/3 clarity=4 acc=4 compl=5 recall=1.00 ($1.12, 43s)
[26/140] none/doc_review/4 clarity=5 acc=5 compl=5 recall=1.00 ($1.17, 44s)
[27/140] pr_agent_line/pr_description/1 clarity=5 acc=5 compl=5 recall=1.00 ($1.21, 46s)
[28/140] pr_agent_line/pr_description/2 clarity=4 acc=4 compl=5 recall=0.83 ($1.26, 46s)
[29/140] pr_agent_line/pr_description/3 clarity=5 acc=4 compl=5 recall=1.00 ($1.30, 49s)
[30/140] pr_agent_line/jira_ticket/0 clarity=4 acc=5 compl=5 recall=1.00 ($1.35, 50s)
[31/140] pr_agent_line/pr_description/4 clarity=5 acc=4 compl=4 recall=0.83 ($1.40, 53s)
[32/140] pr_agent_line/jira_ticket/1 clarity=5 acc=5 compl=5 recall=1.00 ($1.44, 53s)
[33/140] pr_agent_line/jira_ticket/3 clarity=4 acc=3 compl=5 recall=1.00 ($1.48, 54s)
[34/140] pr_agent_line/jira_ticket/2 clarity=5 acc=3 compl=5 recall=1.00 ($1.52, 57s)
[35/140] pr_agent_line/chat_reply/0 clarity=5 acc=5 compl=5 recall=1.00 ($1.56, 58s)
[36/140] pr_agent_line/jira_ticket/4 clarity=5 acc=4 compl=5 recall=1.00 ($1.61, 58s)
[37/140] pr_agent_line/chat_reply/3 clarity=5 acc=5 compl=5 recall=1.00 ($1.64, 60s)
[38/140] pr_agent_line/chat_reply/1 clarity=5 acc=5 compl=5 recall=1.00 ($1.68, 61s)
[39/140] pr_agent_line/chat_reply/2 clarity=5 acc=4 compl=5 recall=1.00 ($1.72, 62s)
[40/140] pr_agent_line/chat_reply/4 clarity=5 acc=5 compl=5 recall=1.00 ($1.76, 64s)
[41/140] pr_agent_line/doc_review/1 clarity=5 acc=5 compl=5 recall=1.00 ($1.81, 66s)
[42/140] pr_agent_line/doc_review/4 clarity=5 acc=5 compl=5 recall=1.00 ($1.84, 68s)
[43/140] pr_agent_line/doc_review/0 clarity=5 acc=5 compl=5 recall=1.00 ($1.89, 68s)
[44/140] pr_agent_line/doc_review/2 clarity=5 acc=5 compl=5 recall=1.00 ($1.93, 70s)
[45/140] pr_agent_line/doc_review/3 clarity=5 acc=5 compl=5 recall=1.00 ($1.98, 71s)
[46/140] pr_hook_text/pr_description/1 clarity=5 acc=4 compl=5 recall=1.00 ($2.02, 73s)
[47/140] pr_hook_text/pr_description/2 clarity=5 acc=5 compl=5 recall=1.00 ($2.06, 73s)
[48/140] pr_hook_text/pr_description/3 clarity=5 acc=4 compl=5 recall=1.00 ($2.10, 76s)
[49/140] pr_hook_text/jira_ticket/0 clarity=5 acc=5 compl=5 recall=1.00 ($2.14, 76s)
[50/140] pr_hook_text/jira_ticket/1 clarity=4 acc=4 compl=5 recall=1.00 ($2.18, 79s)
[51/140] pr_hook_text/jira_ticket/3 clarity=5 acc=5 compl=5 recall=1.00 ($2.22, 81s)
[52/140] pr_hook_text/jira_ticket/2 clarity=5 acc=5 compl=5 recall=1.00 ($2.27, 81s)
[53/140] pr_hook_text/jira_ticket/4 clarity=4 acc=4 compl=5 recall=1.00 ($2.31, 81s)
[54/140] pr_hook_text/chat_reply/0 clarity=5 acc=4 compl=5 recall=1.00 ($2.35, 83s)
[55/140] pr_hook_text/pr_description/4 clarity=5 acc=5 compl=5 recall=1.00 ($2.39, 84s)
[56/140] pr_hook_text/chat_reply/2 clarity=5 acc=5 compl=5 recall=1.00 ($2.43, 86s)
[57/140] pr_hook_text/chat_reply/1 clarity=5 acc=5 compl=5 recall=1.00 ($2.47, 88s)
[58/140] pr_hook_text/chat_reply/4 clarity=5 acc=5 compl=5 recall=1.00 ($2.50, 88s)
[59/140] pr_hook_text/chat_reply/3 clarity=5 acc=5 compl=5 recall=1.00 ($2.54, 90s)
[60/140] pr_hook_text/doc_review/1 clarity=5 acc=5 compl=5 recall=1.00 ($2.59, 91s)
[61/140] pr_hook_text/doc_review/0 clarity=5 acc=5 compl=5 recall=1.00 ($2.63, 91s)
[62/140] pr_hook_text/doc_review/2 clarity=5 acc=5 compl=5 recall=1.00 ($2.67, 93s)
[63/140] pr_hook_named/pr_description/1 clarity=5 acc=4 compl=5 recall=1.00 ($2.71, 95s)
[64/140] pr_hook_text/doc_review/4 clarity=5 acc=5 compl=5 recall=1.00 ($2.75, 96s)
[65/140] pr_hook_text/doc_review/3 clarity=5 acc=5 compl=5 recall=1.00 ($2.79, 97s)
[66/140] pr_hook_named/pr_description/2 clarity=5 acc=5 compl=5 recall=1.00 ($2.83, 98s)
[67/140] pr_hook_named/pr_description/3 clarity=5 acc=5 compl=5 recall=1.00 ($2.88, 99s)
[68/140] pr_hook_named/pr_description/4 clarity=5 acc=4 compl=5 recall=1.00 ($2.92, 101s)
[69/140] pr_hook_named/jira_ticket/2 clarity=5 acc=5 compl=5 recall=1.00 ($2.96, 106s)
[70/140] pr_hook_named/jira_ticket/0 clarity=4 acc=4 compl=5 recall=1.00 ($3.00, 106s)
[71/140] pr_hook_named/jira_ticket/1 clarity=4 acc=4 compl=5 recall=1.00 ($3.05, 106s)
[72/140] pr_hook_named/jira_ticket/4 clarity=5 acc=5 compl=5 recall=1.00 ($3.09, 108s)
[73/140] pr_hook_named/jira_ticket/3 clarity=5 acc=4 compl=5 recall=1.00 ($3.13, 108s)
[74/140] pr_hook_named/chat_reply/0 clarity=5 acc=5 compl=5 recall=1.00 ($3.17, 109s)
[75/140] pr_hook_named/chat_reply/3 clarity=5 acc=5 compl=5 recall=1.00 ($3.21, 113s)
[76/140] pr_hook_named/chat_reply/4 clarity=5 acc=5 compl=5 recall=1.00 ($3.25, 113s)
[77/140] pr_hook_named/chat_reply/1 clarity=5 acc=5 compl=5 recall=1.00 ($3.29, 114s)
[78/140] pr_hook_named/doc_review/0 clarity=5 acc=5 compl=5 recall=1.00 ($3.33, 115s)
[79/140] pr_hook_named/chat_reply/2 clarity=5 acc=5 compl=5 recall=1.00 ($3.37, 116s)
[80/140] ste_named/pr_description/1 clarity=4 acc=5 compl=5 recall=1.00 ($3.42, 117s)
[81/140] pr_hook_named/doc_review/1 clarity=5 acc=5 compl=5 recall=1.00 ($3.46, 119s)
[82/140] pr_hook_named/doc_review/3 clarity=5 acc=5 compl=5 recall=1.00 ($3.50, 121s)
[83/140] pr_hook_named/doc_review/4 clarity=5 acc=5 compl=5 recall=1.00 ($3.54, 121s)
[84/140] pr_hook_named/doc_review/2 clarity=5 acc=5 compl=5 recall=1.00 ($3.58, 123s)
[85/140] ste_named/pr_description/2 clarity=5 acc=4 compl=5 recall=0.83 ($3.62, 124s)
[86/140] ste_named/jira_ticket/1 clarity=4 acc=4 compl=5 recall=1.00 ($3.67, 126s)
[87/140] ste_named/pr_description/4 clarity=4 acc=5 compl=5 recall=1.00 ($3.71, 128s)
[88/140] ste_named/pr_description/3 clarity=5 acc=5 compl=5 recall=1.00 ($3.75, 129s)
[89/140] ste_named/jira_ticket/2 clarity=5 acc=4 compl=5 recall=1.00 ($3.80, 133s)
[90/140] ste_named/jira_ticket/0 clarity=5 acc=3 compl=5 recall=1.00 ($3.85, 133s)
[91/140] ste_named/jira_ticket/3 clarity=5 acc=4 compl=5 recall=1.00 ($3.89, 134s)
[92/140] ste_named/jira_ticket/4 clarity=5 acc=4 compl=5 recall=1.00 ($3.93, 136s)
[93/140] ste_named/chat_reply/0 clarity=5 acc=4 compl=5 recall=1.00 ($3.97, 136s)
[94/140] ste_named/chat_reply/2 clarity=5 acc=4 compl=4 recall=0.83 ($4.01, 137s)
[95/140] ste_named/chat_reply/3 clarity=5 acc=4 compl=5 recall=1.00 ($4.05, 140s)
[96/140] ste_named/chat_reply/1 clarity=5 acc=4 compl=5 recall=1.00 ($4.09, 141s)
[97/140] ste_named/chat_reply/4 clarity=5 acc=4 compl=5 recall=1.00 ($4.14, 144s)
[98/140] ste_named/doc_review/2 clarity=5 acc=5 compl=5 recall=1.00 ($4.18, 144s)
[99/140] ste_named/doc_review/1 clarity=5 acc=5 compl=5 recall=1.00 ($4.22, 144s)
[100/140] ste_named/doc_review/0 clarity=5 acc=4 compl=5 recall=1.00 ($4.26, 146s)
[101/140] ste_named/doc_review/3 clarity=5 acc=5 compl=5 recall=1.00 ($4.31, 149s)
[102/140] ste_80pct/pr_description/1 clarity=5 acc=5 compl=5 recall=1.00 ($4.36, 150s)
[103/140] ste_named/doc_review/4 clarity=5 acc=4 compl=5 recall=1.00 ($4.39, 151s)
[104/140] ste_80pct/pr_description/3 clarity=4 acc=5 compl=5 recall=1.00 ($4.44, 152s)
[105/140] ste_80pct/pr_description/2 clarity=5 acc=5 compl=5 recall=1.00 ($4.48, 153s)
[106/140] ste_80pct/pr_description/4 clarity=5 acc=4 compl=4 recall=0.83 ($4.53, 154s)
[107/140] ste_80pct/jira_ticket/0 clarity=5 acc=4 compl=5 recall=1.00 ($4.57, 159s)
[108/140] ste_80pct/jira_ticket/1 clarity=5 acc=4 compl=5 recall=1.00 ($4.62, 161s)
[109/140] ste_80pct/jira_ticket/3 clarity=5 acc=4 compl=5 recall=1.00 ($4.66, 162s)
[110/140] ste_80pct/chat_reply/0 clarity=5 acc=4 compl=5 recall=1.00 ($4.70, 162s)
[111/140] ste_80pct/jira_ticket/2 clarity=5 acc=3 compl=5 recall=1.00 ($4.75, 163s)
[112/140] ste_80pct/jira_ticket/4 clarity=5 acc=4 compl=5 recall=1.00 ($4.80, 166s)
[113/140] diagram/pr_description/1 clarity=4 acc=4 compl=4 recall=0.83 ($4.85, 167s)
[114/140] ste_80pct/doc_review/0 clarity=5 acc=4 compl=5 recall=1.00 ($4.89, 168s)
[115/140] ste_80pct/doc_review/1 clarity=5 acc=5 compl=5 recall=1.00 ($4.93, 170s)
[116/140] ste_80pct/chat_reply/2 clarity=5 acc=4 compl=5 recall=1.00 ($4.97, 171s)
[117/140] ste_80pct/chat_reply/1 clarity=5 acc=4 compl=4 recall=0.83 ($5.01, 172s)
[118/140] ste_80pct/chat_reply/3 clarity=5 acc=4 compl=5 recall=1.00 ($5.05, 174s)
[119/140] ste_80pct/chat_reply/4 clarity=5 acc=5 compl=4 recall=0.83 ($5.09, 175s)
[120/140] ste_80pct/doc_review/4 clarity=5 acc=4 compl=5 recall=1.00 ($5.13, 176s)
[121/140] ste_80pct/doc_review/2 clarity=5 acc=5 compl=5 recall=1.00 ($5.17, 176s)
[122/140] ste_80pct/doc_review/3 clarity=5 acc=5 compl=5 recall=1.00 ($5.21, 180s)
[123/140] diagram/pr_description/2 clarity=5 acc=5 compl=5 recall=1.00 ($5.26, 180s)
[124/140] diagram/pr_description/3 clarity=5 acc=5 compl=5 recall=1.00 ($5.30, 180s)
[125/140] diagram/pr_description/4 clarity=5 acc=5 compl=5 recall=1.00 ($5.35, 183s)
[126/140] diagram/jira_ticket/0 clarity=4 acc=3 compl=5 recall=1.00 ($5.39, 185s)
[127/140] diagram/jira_ticket/4 clarity=4 acc=3 compl=5 recall=1.00 ($5.44, 186s)
[128/140] diagram/jira_ticket/2 clarity=4 acc=3 compl=5 recall=1.00 ($5.48, 189s)
[129/140] diagram/jira_ticket/1 clarity=4 acc=3 compl=5 recall=1.00 ($5.52, 191s)
[130/140] diagram/jira_ticket/3 clarity=4 acc=4 compl=5 recall=1.00 ($5.57, 191s)
[131/140] diagram/chat_reply/0 clarity=5 acc=4 compl=5 recall=1.00 ($5.61, 192s)
[132/140] diagram/chat_reply/1 clarity=5 acc=4 compl=5 recall=1.00 ($5.65, 194s)
[133/140] diagram/chat_reply/2 clarity=4 acc=5 compl=5 recall=1.00 ($5.69, 194s)
[134/140] diagram/doc_review/0 clarity=5 acc=5 compl=5 recall=1.00 ($5.74, 197s)
[135/140] diagram/chat_reply/3 clarity=5 acc=4 compl=5 recall=1.00 ($5.78, 198s)
[136/140] diagram/doc_review/1 clarity=5 acc=5 compl=5 recall=1.00 ($5.82, 201s)
[137/140] diagram/doc_review/2 clarity=5 acc=5 compl=5 recall=1.00 ($5.86, 201s)
[138/140] diagram/chat_reply/4 clarity=4 acc=4 compl=5 recall=1.00 ($5.91, 202s)
[139/140] diagram/doc_review/3 clarity=5 acc=5 compl=5 recall=1.00 ($5.95, 202s)
[140/140] diagram/doc_review/4 clarity=5 acc=5 compl=5 recall=1.00 ($5.99, 205s)
done: $5.99
