0 judged, 100 to judge
[1/100] pr_agent_line/pr_description/0 clarity=5 acc=5 compl=5 recall=1.00 ($0.04, 8s)
[2/100] none/pr_description/0 clarity=5 acc=5 compl=4 recall=0.83 ($0.08, 8s)
[3/100] none/jira_ticket/0 clarity=5 acc=5 compl=5 recall=1.00 ($0.12, 9s)
[4/100] ste_named/pr_description/0 clarity=5 acc=5 compl=5 recall=1.00 ($0.16, 9s)
[5/100] pr_hook_text/pr_description/0 clarity=5 acc=5 compl=4 recall=0.83 ($0.20, 9s)
[6/100] pr_hook_named/pr_description/0 clarity=5 acc=5 compl=5 recall=1.00 ($0.24, 9s)
[7/100] none/pr_description/1 clarity=5 acc=5 compl=5 recall=1.00 ($0.28, 16s)
[8/100] none/pr_description/2 clarity=5 acc=4 compl=4 recall=0.83 ($0.32, 16s)
[9/100] none/jira_ticket/1 clarity=5 acc=5 compl=5 recall=1.00 ($0.36, 16s)
[10/100] none/pr_description/3 clarity=5 acc=5 compl=5 recall=1.00 ($0.40, 17s)
[11/100] none/pr_description/4 clarity=5 acc=5 compl=4 recall=0.83 ($0.45, 17s)
[12/100] none/jira_ticket/2 clarity=5 acc=5 compl=5 recall=1.00 ($0.49, 18s)
[13/100] none/jira_ticket/4 clarity=5 acc=4 compl=5 recall=1.00 ($0.53, 25s)
[14/100] none/chat_reply/0 clarity=5 acc=4 compl=4 recall=0.83 ($0.57, 26s)
[15/100] none/chat_reply/1 clarity=5 acc=4 compl=4 recall=0.83 ($0.61, 26s)
[16/100] none/chat_reply/2 clarity=4 acc=4 compl=5 recall=1.00 ($0.65, 26s)
[17/100] none/chat_reply/3 clarity=5 acc=5 compl=4 recall=0.83 ($0.69, 26s)
[18/100] none/jira_ticket/3 clarity=5 acc=4 compl=5 recall=1.00 ($0.74, 28s)
[19/100] none/doc_review/0 clarity=5 acc=5 compl=4 recall=0.83 ($0.78, 32s)
[20/100] none/chat_reply/4 clarity=5 acc=4 compl=5 recall=1.00 ($0.82, 34s)
[21/100] none/doc_review/3 clarity=5 acc=5 compl=4 recall=0.83 ($0.86, 34s)
[22/100] none/doc_review/1 clarity=5 acc=4 compl=4 recall=0.83 ($0.90, 34s)
[23/100] none/doc_review/2 clarity=5 acc=4 compl=4 recall=0.83 ($0.94, 34s)
[24/100] none/doc_review/4 clarity=5 acc=5 compl=5 recall=1.00 ($0.99, 35s)
[25/100] pr_agent_line/pr_description/1 clarity=5 acc=5 compl=5 recall=1.00 ($1.02, 39s)
[26/100] pr_agent_line/pr_description/2 clarity=5 acc=4 compl=5 recall=1.00 ($1.06, 41s)
[27/100] pr_agent_line/pr_description/4 clarity=5 acc=5 compl=5 recall=1.00 ($1.10, 42s)
[28/100] pr_agent_line/jira_ticket/0 clarity=5 acc=5 compl=5 recall=1.00 ($1.14, 42s)
[29/100] pr_agent_line/pr_description/3 clarity=5 acc=4 compl=4 recall=0.83 ($1.19, 43s)
[30/100] pr_agent_line/jira_ticket/1 clarity=5 acc=4 compl=5 recall=1.00 ($1.23, 44s)
[31/100] pr_agent_line/jira_ticket/2 clarity=5 acc=4 compl=5 recall=1.00 ($1.27, 47s)
[32/100] pr_agent_line/jira_ticket/3 clarity=5 acc=5 compl=5 recall=1.00 ($1.31, 49s)
[33/100] pr_agent_line/chat_reply/1 clarity=5 acc=5 compl=5 recall=1.00 ($1.34, 50s)
[34/100] pr_agent_line/chat_reply/2 clarity=5 acc=5 compl=5 recall=1.00 ($1.38, 52s)
[35/100] pr_agent_line/chat_reply/0 clarity=5 acc=5 compl=5 recall=1.00 ($1.42, 52s)
[36/100] pr_agent_line/jira_ticket/4 clarity=4 acc=3 compl=5 recall=1.00 ($1.46, 52s)
[37/100] pr_agent_line/chat_reply/3 clarity=5 acc=5 compl=5 recall=1.00 ($1.50, 55s)
[38/100] pr_agent_line/chat_reply/4 clarity=5 acc=5 compl=4 recall=0.83 ($1.53, 56s)
[39/100] pr_agent_line/doc_review/1 clarity=5 acc=5 compl=5 recall=1.00 ($1.57, 59s)
[40/100] pr_hook_text/pr_description/1 clarity=4 acc=5 compl=5 recall=1.00 ($1.61, 60s)
[41/100] pr_agent_line/doc_review/2 clarity=5 acc=5 compl=5 recall=1.00 ($1.65, 61s)
[42/100] pr_agent_line/doc_review/0 clarity=5 acc=4 compl=5 recall=1.00 ($1.70, 62s)
[43/100] pr_agent_line/doc_review/4 clarity=5 acc=5 compl=5 recall=1.00 ($1.74, 62s)
[44/100] pr_agent_line/doc_review/3 clarity=5 acc=5 compl=4 recall=0.83 ($1.79, 64s)
[45/100] pr_hook_text/pr_description/2 clarity=5 acc=5 compl=5 recall=1.00 ($1.83, 66s)
[46/100] pr_hook_text/pr_description/3 clarity=5 acc=5 compl=5 recall=1.00 ($1.86, 67s)
[47/100] pr_hook_text/jira_ticket/3 clarity=5 acc=5 compl=5 recall=1.00 ($1.90, 69s)
[48/100] pr_hook_text/jira_ticket/2 clarity=5 acc=5 compl=5 recall=1.00 ($1.94, 69s)
[49/100] pr_hook_text/jira_ticket/0 clarity=5 acc=5 compl=5 recall=1.00 ($1.98, 71s)
[50/100] pr_hook_text/pr_description/4 clarity=5 acc=5 compl=4 recall=0.83 ($2.02, 71s)
[51/100] pr_hook_text/jira_ticket/1 clarity=5 acc=4 compl=5 recall=1.00 ($2.06, 74s)
[52/100] pr_hook_text/jira_ticket/4 clarity=5 acc=5 compl=5 recall=1.00 ($2.10, 75s)
[53/100] pr_hook_text/chat_reply/1 clarity=5 acc=5 compl=4 recall=0.83 ($2.14, 77s)
[54/100] pr_hook_text/chat_reply/0 clarity=5 acc=5 compl=5 recall=1.00 ($2.17, 77s)
[55/100] pr_hook_text/chat_reply/2 clarity=5 acc=5 compl=5 recall=1.00 ($2.21, 78s)
[56/100] pr_hook_text/chat_reply/3 clarity=5 acc=5 compl=5 recall=1.00 ($2.24, 79s)
[57/100] pr_hook_text/doc_review/0 clarity=5 acc=5 compl=5 recall=1.00 ($2.28, 82s)
[58/100] pr_hook_text/doc_review/1 clarity=5 acc=5 compl=4 recall=0.83 ($2.32, 84s)
[59/100] pr_hook_named/pr_description/1 clarity=5 acc=5 compl=5 recall=1.00 ($2.36, 84s)
[60/100] pr_hook_text/chat_reply/4 clarity=5 acc=4 compl=5 recall=0.83 ($2.40, 84s)
[61/100] pr_hook_text/doc_review/3 clarity=4 acc=5 compl=5 recall=1.00 ($2.44, 85s)
[62/100] pr_hook_text/doc_review/2 clarity=5 acc=5 compl=5 recall=1.00 ($2.48, 85s)
[63/100] pr_hook_named/pr_description/2 clarity=5 acc=5 compl=5 recall=1.00 ($2.52, 89s)
[64/100] pr_hook_text/doc_review/4 clarity=5 acc=5 compl=5 recall=1.00 ($2.56, 90s)
[65/100] pr_hook_named/pr_description/3 clarity=5 acc=5 compl=5 recall=1.00 ($2.60, 92s)
[66/100] pr_hook_named/jira_ticket/0 clarity=5 acc=5 compl=5 recall=1.00 ($2.64, 93s)
[67/100] pr_hook_named/jira_ticket/1 clarity=5 acc=4 compl=5 recall=1.00 ($2.67, 93s)
[68/100] pr_hook_named/jira_ticket/2 clarity=4 acc=5 compl=5 recall=1.00 ($2.71, 93s)
[69/100] pr_hook_named/pr_description/4 clarity=5 acc=5 compl=5 recall=1.00 ($2.75, 96s)
[70/100] pr_hook_named/jira_ticket/3 clarity=4 acc=4 compl=5 recall=1.00 ($2.79, 98s)
[71/100] pr_hook_named/jira_ticket/4 clarity=5 acc=5 compl=5 recall=1.00 ($2.83, 98s)
[72/100] pr_hook_named/chat_reply/0 clarity=5 acc=5 compl=5 recall=1.00 ($2.87, 100s)
[73/100] pr_hook_named/chat_reply/1 clarity=5 acc=5 compl=5 recall=1.00 ($2.90, 101s)
[74/100] pr_hook_named/chat_reply/3 clarity=5 acc=5 compl=4 recall=0.83 ($2.94, 102s)
[75/100] pr_hook_named/chat_reply/2 clarity=5 acc=5 compl=4 recall=0.83 ($2.98, 103s)
[76/100] pr_hook_named/chat_reply/4 clarity=5 acc=4 compl=4 recall=0.83 ($3.01, 105s)
[77/100] pr_hook_named/doc_review/0 clarity=5 acc=5 compl=4 recall=0.83 ($3.05, 105s)
[78/100] pr_hook_named/doc_review/3 clarity=5 acc=5 compl=5 recall=1.00 ($3.09, 108s)
[79/100] ste_named/pr_description/1 clarity=5 acc=4 compl=4 recall=0.83 ($3.14, 109s)
[80/100] pr_hook_named/doc_review/2 clarity=5 acc=5 compl=5 recall=1.00 ($3.18, 110s)
[81/100] pr_hook_named/doc_review/1 clarity=5 acc=5 compl=5 recall=1.00 ($3.22, 111s)
[82/100] pr_hook_named/doc_review/4 clarity=5 acc=5 compl=4 recall=0.83 ($3.26, 112s)
[83/100] ste_named/pr_description/2 clarity=5 acc=4 compl=5 recall=1.00 ($3.30, 113s)
[84/100] ste_named/pr_description/3 clarity=5 acc=4 compl=5 recall=1.00 ($3.34, 116s)
[85/100] ste_named/jira_ticket/1 clarity=4 acc=4 compl=5 recall=1.00 ($3.38, 118s)
[86/100] ste_named/pr_description/4 clarity=5 acc=5 compl=4 recall=0.83 ($3.43, 118s)
[87/100] ste_named/jira_ticket/0 clarity=5 acc=5 compl=5 recall=1.00 ($3.46, 120s)
[88/100] ste_named/jira_ticket/3 clarity=5 acc=5 compl=5 recall=1.00 ($3.51, 122s)
[89/100] ste_named/jira_ticket/2 clarity=5 acc=5 compl=5 recall=1.00 ($3.55, 122s)
[90/100] ste_named/chat_reply/0 clarity=5 acc=5 compl=5 recall=1.00 ($3.58, 125s)
[91/100] ste_named/jira_ticket/4 clarity=5 acc=5 compl=5 recall=1.00 ($3.63, 126s)
[92/100] ste_named/chat_reply/1 clarity=5 acc=4 compl=5 recall=1.00 ($3.67, 127s)
[93/100] ste_named/chat_reply/4 clarity=5 acc=4 compl=5 recall=1.00 ($3.70, 129s)
[94/100] ste_named/chat_reply/2 clarity=5 acc=4 compl=5 recall=1.00 ($3.74, 130s)
[95/100] ste_named/chat_reply/3 clarity=5 acc=4 compl=5 recall=1.00 ($3.78, 131s)
[96/100] ste_named/doc_review/1 clarity=5 acc=5 compl=5 recall=1.00 ($3.82, 134s)
[97/100] ste_named/doc_review/0 clarity=5 acc=5 compl=5 recall=1.00 ($3.86, 136s)
[98/100] ste_named/doc_review/2 clarity=5 acc=4 compl=4 recall=0.83 ($3.91, 137s)
[99/100] ste_named/doc_review/3 clarity=5 acc=4 compl=4 recall=0.83 ($3.95, 138s)
[100/100] ste_named/doc_review/4 clarity=5 acc=4 compl=5 recall=1.00 ($4.00, 138s)
done: $4.00
